<html>
<body>
<pre>
<h1>µVision Build Log</h1>
<h2>Tool Versions:</h2>
IDE-Version: ¦ÌVision V5.28.0.0
Copyright (C) 2019 ARM Ltd and ARM Germany GmbH. All rights reserved.
License Information: KEVIN Administrator, KEVIN, LIC=UB4EI-T1KA0-9Z5WW-QBWBL-Y2SWW-ZLL2N
 
Tool Versions:
Toolchain:       MDK-ARM Professional  Version: 5.28.0.0
Toolchain Path:  D:\Software\Keil_v5\ARM\ARMCC\Bin
C Compiler:      Armcc.exe V5.06 update 6 (build 750)
Assembler:       Armasm.exe V5.06 update 6 (build 750)
Linker/Locator:  ArmLink.exe V5.06 update 6 (build 750)
Library Manager: ArmAr.exe V5.06 update 6 (build 750)
Hex Converter:   FromElf.exe V5.06 update 6 (build 750)
CPU DLL:         SARMCM3.DLL V5.28.0.0
Dialog DLL:      DCM.DLL V1.17.3.0
Target DLL:      CMSIS_AGDI.dll V1.31.18.0
Dialog DLL:      TCM.DLL V1.36.2.0
 
<h2>Project:</h2>
D:\GitHub\F4_KS_Airplane\Firmware\Project\F4_AIR.uvprojx
Project File Date:  06/14/2020

<h2>Output:</h2>
*** Using Compiler 'V5.06 update 6 (build 750)', folder: 'D:\Software\Keil_v5\ARM\ARMCC\Bin'
Build target 'F4_AIR'
compiling loop.c...
compiling main.c...
compiling Data.c...
compiling PID.c...
compiling MotionCal.c...
..\Program\applications\MotionCal.c(16): warning:  #177-D: variable "wcz_acc"  was declared but never referenced
  static s32 wcz_acc;
..\Program\applications\MotionCal.c: 1 warning, 0 errors
compiling ADRC.c...
compiling Init.c...
compiling filter.c...
compiling Face_track.c...
compiling IMU.c...
compiling KS_Data_Transfer.c...
compiling usb_config.c...
compiling Param.c...
compiling opticalflow.c...
compiling Voltage.c...
compiling my_usb.c...
compiling RC.c...
compiling Alt_Ctrl.c...
compiling Loc_Ctrl.c...
compiling stm32f4xx_it.c...
compiling WIFI_UFO.c...
compiling AttCtrl.c...
compiling Control.c...
compiling height_ctrl.c...
compiling MotorCtrl.c...
compiling drv_esp8266.c...
compiling drv_flash.c...
compiling drv_fpu.c...
compiling drv_i2c_soft.c...
compiling drv_adc.c...
compiling bsp_SysTick.c...
compiling Navigate.c...
compiling drv_led.c...
compiling drv_icm20689.c...
compiling drv_pwm_out.c...
compiling drv_nrf24l01.c...
compiling kalman3.c...
compiling mymath.c...
compiling drv_spi.c...
compiling kalmanVel.c...
compiling drv_spl06.c...
compiling drv_usart1.c...
compiling drv_usart3.c...
compiling drv_usart2.c...
compiling drv_uart4.c...
compiling drv_uart5.c...
compiling usbd_STM32F4xx_FS.c...
compiling LevenbergMarquardt.c...
compiling lowPassFilter.c...
compiling drv_usart6.c...
compiling matrix3.c...
compiling vector3.c...
compiling matrix6.c...
compiling usbd_core_hid.c...
assembling startup_stm32f4xx.s...
compiling usbd_hid.c...
compiling usbd_core.c...
compiling malloc.c...
compiling system_stm32f4xx.c...
compiling mathTool.c...
compiling misc.c...
compiling stm32f4xx_spi.c...
compiling stm32f4xx_gpio.c...
compiling stm32f4xx_usart.c...
compiling stm32f4xx_dsi.c...
compiling stm32f4xx_adc.c...
compiling stm32f4xx_dma.c...
compiling stm32f4xx_rcc.c...
compiling stm32f4xx_exti.c...
compiling stm32f4xx_iwdg.c...
compiling stm32f4xx_i2c.c...
compiling stm32f4xx_wwdg.c...
compiling stm32f4xx_rng.c...
compiling stm32f4xx_pwr.c...
compiling stm32f4xx_flash.c...
compiling stm32f4xx_syscfg.c...
compiling stm32f4xx_tim.c...
compiling stm32f4xx_rtc.c...
linking...
Program Size: Code=61128 RO-data=3392 RW-data=1616 ZI-data=20720  
FromELF: creating hex file...
".\Obj\F4_AIR.axf" - 0 Error(s), 1 Warning(s).

<h2>Software Packages used:</h2>

Package Vendor: Keil
                http://www.keil.com/pack/Keil.STM32F4xx_DFP.2.12.0.pack
                Keil.STM32F4xx_DFP.2.12.0
                STMicroelectronics STM32F4 Series Device Support, Drivers and Examples

<h2>Collection of Component include folders:</h2>
  .\RTE\_F4_AIR
  D:\Software\Keil_v5\Arm\Packs\Keil\STM32F4xx_DFP\2.12.0\Drivers\CMSIS\Device\ST\STM32F4xx\Include

<h2>Collection of Component Files used:</h2>
Build Time Elapsed:  00:00:12
</pre>
</body>
</html>
