<html>
<body>
<pre>
<h1>µVision Build Log</h1>
<h2>Tool Versions:</h2>
IDE-Version: ¦ÌVision V5.26.2.0
Copyright (C) 2018 ARM Ltd and ARM Germany GmbH. All rights reserved.
License Information: Kevin Kevin, Kevin, LIC=21ENN-YI90A-61JPW-Q8SSP-E5BI6-V7TQE
 
Tool Versions:
Toolchain:       MDK-ARM Plus  Version: 5.26.2.0
Toolchain Path:  F:\MDK526\ARM\ARMCC\Bin
C Compiler:      Armcc.exe V5.06 update 6 (build 750)
Assembler:       Armasm.exe V5.06 update 6 (build 750)
Linker/Locator:  ArmLink.exe V5.06 update 6 (build 750)
Library Manager: ArmAr.exe V5.06 update 6 (build 750)
Hex Converter:   FromElf.exe V5.06 update 6 (build 750)
CPU DLL:         SARMCM3.DLL V5.26.2.0
Dialog DLL:      DARMSTM.DLL V1.68.0.0
Target DLL:      Segger\JL2CM3.dll V2.99.29.0
Dialog DLL:      TARMSTM.DLL V1.66.0.0
 
<h2>Project:</h2>
C:\Users\Kevin\Desktop\±ÏÉè\Firmware\Ò£¿ØKSemoter_Ctrl\ANO_Remoter.uvprojx
Project File Date:  01/25/2019

<h2>Output:</h2>
*** Using Compiler 'V5.06 update 6 (build 750)', folder: 'F:\MDK526\ARM\ARMCC\Bin'
Build target 'Remoter_V2.0'
compiling main.c...
compiling Scheduler.c...
compiling Stick.c...
compiling Param.c...
compiling DT.c...
compiling oled.c...
compiling oledfont.c...
compiling board.c...
compiling show.c...
compiling stm32f10x_it.c...
compiling Drv_LED.c...
compiling Drv_Nrf24l01.c...
compiling Drv_SPI.c...
compiling Drv_Uart.c...
compiling Drv_ADC.c...
compiling Drv_I2C.c...
compiling Drv_MPU6050.c...
compiling Drv_Hid.c...
assembling startup_stm32f10x_md.s...
compiling Drv_Flash.c...
compiling Key.c...
compiling system_stm32f10x.c...
compiling core_cm3.c...
compiling stm32f10x_rcc.c...
compiling misc.c...
compiling stm32f10x_flash.c...
compiling stm32f10x_gpio.c...
compiling stm32f10x_spi.c...
compiling stm32f10x_tim.c...
compiling stm32f10x_usart.c...
compiling stm32f10x_adc.c...
compiling stm32f10x_dma.c...
compiling usb_init.c...
compiling usb_core.c...
compiling usb_mem.c...
compiling usb_int.c...
compiling usb_regs.c...
compiling usb_config.c...
compiling usb_desc.c...
compiling usb_endp.c...
compiling usb_istr.c...
compiling usb_prop.c...
compiling usb_pwr.c...
linking...
Program Size: Code=35936 RO-data=5984 RW-data=432 ZI-data=3808  
FromELF: creating hex file...
".\build\USB.axf" - 0 Error(s), 0 Warning(s).

<h2>Software Packages used:</h2>

Package Vendor: ARM
                http://www.keil.com/pack/ARM.CMSIS.5.4.0.pack
                ARM.CMSIS.5.4.0
                CMSIS (Cortex Microcontroller Software Interface Standard)
   * Component: CORE Version: 5.1.2

Package Vendor: Keil
                http://www.keil.com/pack/Keil.STM32F1xx_DFP.2.1.0.pack
                Keil.STM32F1xx_DFP.2.1.0
                STMicroelectronics STM32F1 Series Device Support, Drivers and Examples

<h2>Collection of Component include folders:</h2>
  .\RTE\_Remoter_V2.0
  F:\MDK526\ARM\PACK\ARM\CMSIS\5.4.0\CMSIS\Core\Include
  F:\MDK526\ARM\PACK\Keil\STM32F1xx_DFP\2.1.0\Device\Include

<h2>Collection of Component Files used:</h2>

   * Component: ARM::CMSIS:CORE:5.1.2
Build Time Elapsed:  00:00:31
</pre>
</body>
</html>
