<html>
<body>
<pre>
<h1>µVision Build Log</h1>
<h2>Tool Versions:</h2>
IDE-Version: ¦ÌVision V5.28.0.0
Copyright (C) 2019 ARM Ltd and ARM Germany GmbH. All rights reserved.
License Information: KEVIN Administrator, KEVIN, LIC=UB4EI-T1KA0-9Z5WW-QBWBL-Y2SWW-ZLL2N
 
Tool Versions:
Toolchain:       MDK-ARM Professional  Version: 5.28.0.0
Toolchain Path:  D:\Software\Keil_v5\ARM\ARMCC\Bin
C Compiler:      Armcc.exe V5.06 update 6 (build 750)
Assembler:       Armasm.exe V5.06 update 6 (build 750)
Linker/Locator:  ArmLink.exe V5.06 update 6 (build 750)
Library Manager: ArmAr.exe V5.06 update 6 (build 750)
Hex Converter:   FromElf.exe V5.06 update 6 (build 750)
CPU DLL:         SARMCM3.DLL V5.28.0.0
Dialog DLL:      DARMSTM.DLL V1.68.0.0
Target DLL:      UL2CM3.DLL V1.162.16.0
Dialog DLL:      TARMSTM.DLL V1.66.0.0
 
<h2>Project:</h2>
D:\GitHub\F4_KS_Airplane\Remote\Remoter_Ctrl\Remoter.uvprojx
Project File Date:  06/14/2020

<h2>Output:</h2>
*** Using Compiler 'V5.06 update 6 (build 750)', folder: 'D:\Software\Keil_v5\ARM\ARMCC\Bin'
Rebuild target 'Remoter_V2.0'
compiling Scheduler.c...
compiling main.c...
compiling Param.c...
compiling board.c...
compiling oledfont.c...
compiling stm32f10x_it.c...
compiling DT.c...
compiling Stick.c...
compiling Drv_LED.c...
compiling oled.c...
compiling show.c...
assembling startup_stm32f10x_md.s...
compiling Drv_Flash.c...
compiling Drv_MPU6050.c...
compiling Drv_Uart.c...
compiling Drv_Nrf24l01.c...
compiling system_stm32f10x.c...
compiling Key.c...
compiling Drv_SPI.c...
compiling Drv_I2C.c...
compiling Drv_ADC.c...
compiling core_cm3.c...
compiling Drv_Hid.c...
compiling misc.c...
compiling stm32f10x_spi.c...
compiling stm32f10x_rcc.c...
compiling stm32f10x_gpio.c...
compiling stm32f10x_usart.c...
compiling usb_init.c...
compiling stm32f10x_dma.c...
compiling stm32f10x_adc.c...
compiling stm32f10x_flash.c...
compiling usb_core.c...
compiling stm32f10x_tim.c...
compiling usb_int.c...
compiling usb_mem.c...
compiling usb_istr.c...
compiling usb_config.c...
compiling usb_endp.c...
compiling usb_pwr.c...
compiling usb_desc.c...
compiling usb_prop.c...
compiling usb_regs.c...
linking...
Program Size: Code=35936 RO-data=5840 RW-data=432 ZI-data=3808  
FromELF: creating hex file...
".\build\USB.axf" - 0 Error(s), 0 Warning(s).

<h2>Software Packages used:</h2>

Package Vendor: ARM
                http://www.keil.com/pack/ARM.CMSIS.5.6.0.pack
                ARM.CMSIS.5.6.0
                CMSIS (Cortex Microcontroller Software Interface Standard)
   * Component: CORE Version: 5.3.0

Package Vendor: Keil
                http://www.keil.com/pack/Keil.STM32F1xx_DFP.2.1.0.pack
                Keil.STM32F1xx_DFP.2.1.0
                STMicroelectronics STM32F1 Series Device Support, Drivers and Examples

<h2>Collection of Component include folders:</h2>
  .\RTE\_Remoter_V2.0
  D:\Software\Keil_v5\Arm\Packs\ARM\CMSIS\5.6.0\CMSIS\Core\Include
  D:\Software\Keil_v5\Arm\Packs\Keil\STM32F1xx_DFP\2.1.0\Device\Include

<h2>Collection of Component Files used:</h2>

   * Component: ARM::CMSIS:CORE:5.3.0
Build Time Elapsed:  00:00:05
</pre>
</body>
</html>
